bash-4.3$ dub fetch dlangide
Fetching dlangide 0.8.17...
Please note that you need to use `dub run <pkgname>` or add it to dependencies of your package to actually use/run it. dub does not do actual installation of packages outside of its own ecosystem.
bash-4.3$ dub run dlangide
Building package dlangide in /home/darren-drapkin/.dub/packages/dlangide-0.8.17/dlangide/
Fetching emsi_containers 0.8.0-alpha.12 (getting selected version)...
Fetching msgpack-d 1.0.0-beta.8 (getting selected version)...
Running pre-generate commands for dcd...
Performing "debug" build using /usr/bin/dmd for x86_64.
stdx-allocator 2.77.5: target for configuration "library" is up to date.
emsi_containers 0.8.0-alpha.12: building configuration "library"...
libdparse 0.9.10: target for configuration "library" is up to date.
dsymbol 0.4.8: building configuration "library"...
.dub/packages/emsi_containers-0.8.0-alpha.12/emsi_containers/src/containers/unrolledlist.d(568,29): Error: cannot implicitly convert expression ~this.registry of type const(ulong) to immutable(uint)
/usr/bin/dmd failed with exit code 1.
bash-4.3$ dub clean-caches
bash-4.3$ dub run dlangide
Building package dlangide in /home/darren-drapkin/.dub/packages/dlangide-0.8.17/dlangide/
Running pre-generate commands for dcd...
Performing "debug" build using /usr/bin/dmd for x86_64.
stdx-allocator 2.77.5: target for configuration "library" is up to date.
emsi_containers 0.8.0-alpha.12: target for configuration "library" is up to date.
libdparse 0.9.10: target for configuration "library" is up to date.
dsymbol 0.4.8: building configuration "library"...
.dub/packages/emsi_containers-0.8.0-alpha.12/emsi_containers/src/containers/unrolledlist.d(568,29): Error: cannot implicitly convert expression ~this.registry of type const(ulong) to immutable(uint)
/usr/bin/dmd failed with exit code 1.
bash-4.3$ dub clean-caches
bash-4.3$ dub run --build=release dlangide
Building package dlangide in /home/darren-drapkin/.dub/packages/dlangide-0.8.17/dlangide/
Running pre-generate commands for dcd...
Performing "release" build using /usr/bin/dmd for x86_64.
stdx-allocator 2.77.5: building configuration "library"...
emsi_containers 0.8.0-alpha.12: building configuration "library"...
libdparse 0.9.10: building configuration "library"...
dsymbol 0.4.8: building configuration "library"...
.dub/packages/emsi_containers-0.8.0-alpha.12/emsi_containers/src/containers/unrolledlist.d(568,29): Error: cannot implicitly convert expression ~this.registry of type const(ulong) to immutable(uint)
/usr/bin/dmd failed with exit code 1.                                                                                 
bash-4.3$ 
